npm verbose cli C:\Users\DELL\AppData\Local\npm-cache\_npx\35d45ede6343d5f9\node_modules\node\bin\node.exe C:\Users\DELL\AppData\Local\npm-cache\_npx\35d45ede6343d5f9\node_modules\npm\bin\npm-cli.js
npm info using npm@10.9.9
npm info using node@v20.20.2
npm verbose title npm install
npm verbose argv "install" "--legacy-peer-deps" "--no-audit" "--no-fund" "--loglevel" "verbose"
npm verbose logfile logs-max:10 dir:C:\Users\DELL\AppData\Local\npm-cache\_logs\2026-07-30T11_25_16_948Z-
npm verbose logfile C:\Users\DELL\AppData\Local\npm-cache\_logs\2026-07-30T11_25_16_948Z-debug-0.log
npm http cache https://registry.npmjs.org/next 322ms (cache hit)
npm http cache https://registry.npmjs.org/react 69ms (cache hit)
npm http cache https://registry.npmjs.org/react-dom 90ms (cache hit)
npm http cache https://registry.npmjs.org/@tailwindcss%2fpostcss 51ms (cache hit)
npm http cache https://registry.npmjs.org/@types%2fnode 60ms (cache hit)
npm http cache https://registry.npmjs.org/@types%2freact 25ms (cache hit)
npm http cache https://registry.npmjs.org/@types%2freact-dom 18ms (cache hit)
npm http cache https://registry.npmjs.org/eslint 28ms (cache hit)
npm http cache https://registry.npmjs.org/eslint-config-next 64ms (cache hit)
npm http cache https://registry.npmjs.org/tailwindcss 74ms (cache hit)
npm http cache https://registry.npmjs.org/typescript 94ms (cache hit)
npm http cache https://registry.npmjs.org/postcss 60ms (cache hit)
npm http cache https://registry.npmjs.org/@tailwindcss%2foxide 93ms (cache hit)
npm http cache https://registry.npmjs.org/tailwindcss 213ms (cache hit)
npm http cache https://registry.npmjs.org/undici-types 466ms (cache hit)
npm http cache https://registry.npmjs.org/@alloc%2fquick-lru 521ms (cache hit)
npm http cache https://registry.npmjs.org/@tailwindcss%2fnode 541ms (cache hit)
npm http cache https://registry.npmjs.org/csstype 593ms (cache hit)
npm http cache https://registry.npmjs.org/espree 186ms (cache hit)
npm http cache https://registry.npmjs.org/debug 488ms (cache hit)
npm http cache https://registry.npmjs.org/ajv 602ms (cache hit)
npm http cache https://registry.npmjs.org/ignore 222ms (cache hit)
npm http cache https://registry.npmjs.org/esutils 137ms (cache hit)
npm http cache https://registry.npmjs.org/esquery 203ms (cache hit)
npm http cache https://registry.npmjs.org/find-up 130ms (cache hit)
npm http cache https://registry.npmjs.org/is-glob 130ms (cache hit)
npm http cache https://registry.npmjs.org/optionator 92ms (cache hit)
npm http cache https://registry.npmjs.org/minimatch 133ms (cache hit)
npm http cache https://registry.npmjs.org/cross-spawn 103ms (cache hit)
npm http cache https://registry.npmjs.org/glob-parent 101ms (cache hit)
npm http cache https://registry.npmjs.org/imurmurhash 100ms (cache hit)
npm http cache https://registry.npmjs.org/@eslint%2fcore 95ms (cache hit)
npm http cache https://registry.npmjs.org/eslint-scope 79ms (cache hit)
npm http cache https://registry.npmjs.org/@humanfs%2fnode 78ms (cache hit)
npm http cache https://registry.npmjs.org/@types%2festree 71ms (cache hit)
npm http cache https://registry.npmjs.org/fast-deep-equal 61ms (cache hit)
npm http cache https://registry.npmjs.org/natural-compare 61ms (cache hit)
npm http cache https://registry.npmjs.org/file-entry-cache 60ms (cache hit)
npm http cache https://registry.npmjs.org/@eslint%2fplugin-kit 63ms (cache hit)
npm http cache https://registry.npmjs.org/eslint-visitor-keys 69ms (cache hit)
npm http cache https://registry.npmjs.org/@eslint%2fconfig-array 73ms (cache hit)
npm http cache https://registry.npmjs.org/escape-string-regexp 63ms (cache hit)
npm http cache https://registry.npmjs.org/@humanwhocodes%2fretry 74ms (cache hit)
npm http cache https://registry.npmjs.org/@eslint%2fconfig-helpers 69ms (cache hit)
npm http cache https://registry.npmjs.org/@eslint-community%2fregexpp 67ms (cache hit)
npm http cache https://registry.npmjs.org/@eslint-community%2feslint-utils 66ms (cache hit)
npm http cache https://registry.npmjs.org/@humanwhocodes%2fmodule-importer 76ms (cache hit)
npm http cache https://registry.npmjs.org/json-stable-stringify-without-jsonify 74ms (cache hit)
npm http cache https://registry.npmjs.org/typescript-eslint 87ms (cache hit)
npm http cache https://registry.npmjs.org/eslint-plugin-react 163ms (cache hit)
npm http cache https://registry.npmjs.org/eslint-plugin-jsx-a11y 181ms (cache hit)
npm http cache https://registry.npmjs.org/globals 221ms (cache hit)
npm http cache https://registry.npmjs.org/eslint-plugin-import 224ms (cache hit)
npm http cache https://registry.npmjs.org/eslint-import-resolver-typescript 147ms (cache hit)
npm http cache https://registry.npmjs.org/@next%2feslint-plugin-next 317ms (cache hit)
npm http cache https://registry.npmjs.org/eslint-plugin-react-hooks 449ms (cache hit)
npm http cache https://registry.npmjs.org/eslint-import-resolver-node 645ms (cache hit)
npm http cache https://registry.npmjs.org/styled-jsx 588ms (cache hit)
npm http cache https://registry.npmjs.org/@next%2fenv 656ms (cache hit)
npm http cache https://registry.npmjs.org/@swc%2fhelpers 749ms (cache hit)
npm http cache https://registry.npmjs.org/baseline-browser-mapping 626ms (cache hit)
npm http cache https://registry.npmjs.org/sharp 328ms (cache hit)
npm http cache https://registry.npmjs.org/@next%2fswc-darwin-x64 379ms (cache hit)
npm http cache https://registry.npmjs.org/caniuse-lite 933ms (cache hit)
npm http cache https://registry.npmjs.org/@next%2fswc-darwin-arm64 515ms (cache hit)
npm http cache https://registry.npmjs.org/@next%2fswc-linux-x64-gnu 444ms (cache hit)
npm http cache https://registry.npmjs.org/@next%2fswc-linux-x64-musl 506ms (cache hit)
npm http cache https://registry.npmjs.org/@next%2fswc-linux-arm64-gnu 601ms (cache hit)
npm http cache https://registry.npmjs.org/@next%2fswc-win32-x64-msvc 766ms (cache hit)
npm http cache https://registry.npmjs.org/@next%2fswc-linux-arm64-musl 777ms (cache hit)
npm http cache https://registry.npmjs.org/@next%2fswc-win32-arm64-msvc 822ms (cache hit)
npm http cache https://registry.npmjs.org/scheduler 831ms (cache hit)
npm http cache https://registry.npmjs.org/magic-string 44ms (cache hit)
npm http cache https://registry.npmjs.org/lightningcss 56ms (cache hit)
npm http cache https://registry.npmjs.org/jiti 77ms (cache hit)
npm http cache https://registry.npmjs.org/source-map-js 88ms (cache hit)
npm http cache https://registry.npmjs.org/@jridgewell%2fremapping 104ms (cache hit)
npm http cache https://registry.npmjs.org/enhanced-resolve 110ms (cache hit)
npm http cache https://registry.npmjs.org/@tailwindcss%2foxide-darwin-x64 128ms (cache hit)
npm http cache https://registry.npmjs.org/@tailwindcss%2foxide-freebsd-x64 157ms (cache hit)
npm http cache https://registry.npmjs.org/@tailwindcss%2foxide-wasm32-wasi 206ms (cache hit)
npm http cache https://registry.npmjs.org/@tailwindcss%2foxide-android-arm64 208ms (cache hit)
npm http cache https://registry.npmjs.org/@tailwindcss%2foxide-darwin-arm64 248ms (cache hit)
npm http cache https://registry.npmjs.org/@tailwindcss%2foxide-linux-x64-gnu 269ms (cache hit)
npm http cache https://registry.npmjs.org/@tailwindcss%2foxide-win32-x64-msvc 292ms (cache hit)
npm http cache https://registry.npmjs.org/@tailwindcss%2foxide-linux-x64-musl 418ms (cache hit)
npm http cache https://registry.npmjs.org/@tailwindcss%2foxide-linux-arm64-musl 397ms (cache hit)
npm http cache https://registry.npmjs.org/@tailwindcss%2foxide-linux-arm64-gnu 490ms (cache hit)
npm http cache https://registry.npmjs.org/@tailwindcss%2foxide-win32-arm64-msvc 505ms (cache hit)
npm http cache https://registry.npmjs.org/nanoid 452ms (cache hit)
npm http cache https://registry.npmjs.org/picocolors 371ms (cache hit)
npm http cache https://registry.npmjs.org/@tailwindcss%2foxide-linux-arm-gnueabihf 546ms (cache hit)
npm http cache https://registry.npmjs.org/@jridgewell%2fgen-mapping 68ms (cache hit)
npm http cache https://registry.npmjs.org/tapable 71ms (cache hit)
npm http cache https://registry.npmjs.org/@jridgewell%2ftrace-mapping 87ms (cache hit)
npm http cache https://registry.npmjs.org/detect-libc 89ms (cache hit)
npm http cache https://registry.npmjs.org/graceful-fs 96ms (cache hit)
npm http cache https://registry.npmjs.org/lightningcss-freebsd-x64 97ms (cache hit)
npm http cache https://registry.npmjs.org/lightningcss-darwin-x64 103ms (cache hit)
npm http cache https://registry.npmjs.org/lightningcss-android-arm64 69ms (cache hit)
npm http cache https://registry.npmjs.org/lightningcss-darwin-arm64 85ms (cache hit)
npm http cache https://registry.npmjs.org/lightningcss-linux-x64-gnu 70ms (cache hit)
npm http cache https://registry.npmjs.org/lightningcss-win32-x64-msvc 63ms (cache hit)
npm http cache https://registry.npmjs.org/lightningcss-linux-arm64-gnu 63ms (cache hit)
npm http cache https://registry.npmjs.org/lightningcss-linux-x64-musl 76ms (cache hit)
npm http cache https://registry.npmjs.org/lightningcss-linux-arm64-musl 64ms (cache hit)
npm http cache https://registry.npmjs.org/lightningcss-win32-arm64-msvc 51ms (cache hit)
npm http cache https://registry.npmjs.org/@jridgewell%2fsourcemap-codec 41ms (cache hit)
npm http cache https://registry.npmjs.org/lightningcss-linux-arm-gnueabihf 50ms (cache hit)
npm http cache https://registry.npmjs.org/@jridgewell%2fresolve-uri 29ms (cache hit)
npm http cache https://registry.npmjs.org/@humanfs%2fcore 45ms (cache hit)
npm http cache https://registry.npmjs.org/@eslint%2fobject-schema 59ms (cache hit)
npm http cache https://registry.npmjs.org/levn 62ms (cache hit)
npm http cache https://registry.npmjs.org/@humanfs%2ftypes 61ms (cache hit)
npm http cache https://registry.npmjs.org/uri-js 68ms (cache hit)
npm http cache https://registry.npmjs.org/@types%2fjson-schema 82ms (cache hit)
npm http cache https://registry.npmjs.org/json-schema-traverse 73ms (cache hit)
npm http cache https://registry.npmjs.org/which 65ms (cache hit)
npm http cache https://registry.npmjs.org/fast-json-stable-stringify 76ms (cache hit)
npm http cache https://registry.npmjs.org/path-key 70ms (cache hit)
npm http cache https://registry.npmjs.org/shebang-command 70ms (cache hit)
npm http cache https://registry.npmjs.org/ms 66ms (cache hit)
npm http cache https://registry.npmjs.org/esrecurse 65ms (cache hit)
npm http cache https://registry.npmjs.org/@types%2fesrecurse 83ms (cache hit)
npm http cache https://registry.npmjs.org/estraverse 102ms (cache hit)
npm http cache https://registry.npmjs.org/acorn-jsx 114ms (cache hit)
npm http cache https://registry.npmjs.org/acorn 148ms (cache hit)
npm http cache https://registry.npmjs.org/locate-path 140ms (cache hit)
npm http cache https://registry.npmjs.org/estraverse 167ms (cache hit)
npm http cache https://registry.npmjs.org/flat-cache 176ms (cache hit)
npm http cache https://registry.npmjs.org/path-exists 169ms (cache hit)
npm http cache https://registry.npmjs.org/is-extglob 149ms (cache hit)
npm http cache https://registry.npmjs.org/brace-expansion 127ms (cache hit)
npm http cache https://registry.npmjs.org/deep-is 97ms (cache hit)
npm http cache https://registry.npmjs.org/prelude-ls 103ms (cache hit)
npm http cache https://registry.npmjs.org/word-wrap 89ms (cache hit)
npm http cache https://registry.npmjs.org/type-check 67ms (cache hit)
npm http cache https://registry.npmjs.org/fast-levenshtein 64ms (cache hit)
npm http cache https://registry.npmjs.org/punycode 28ms (cache hit)
npm http cache https://registry.npmjs.org/isexe 23ms (cache hit)
npm http cache https://registry.npmjs.org/shebang-regex 29ms (cache hit)
npm http cache https://registry.npmjs.org/stable-hash 49ms (cache hit)
npm http cache https://registry.npmjs.org/resolve 60ms (cache hit)
npm http cache https://registry.npmjs.org/tinyglobby 78ms (cache hit)
npm http cache https://registry.npmjs.org/fast-glob 93ms (cache hit)
npm http cache https://registry.npmjs.org/is-core-module 100ms (cache hit)
npm http cache https://registry.npmjs.org/get-tsconfig 103ms (cache hit)
npm http cache https://registry.npmjs.org/is-bun-module 104ms (cache hit)
npm http cache https://registry.npmjs.org/unrs-resolver 100ms (cache hit)
npm http cache https://registry.npmjs.org/@nolyfill%2fis-core-module 93ms (cache hit)
npm http cache https://registry.npmjs.org/array-includes 73ms (cache hit)
npm http cache https://registry.npmjs.org/@rtsao%2fscc 98ms (cache hit)
npm http cache https://registry.npmjs.org/array.prototype.findlastindex 89ms (cache hit)
npm http cache https://registry.npmjs.org/array.prototype.flat 87ms (cache hit)
npm http cache https://registry.npmjs.org/array.prototype.flatmap 87ms (cache hit)
npm http cache https://registry.npmjs.org/doctrine 76ms (cache hit)
npm http cache https://registry.npmjs.org/hasown 70ms (cache hit)
npm http cache https://registry.npmjs.org/eslint-module-utils 82ms (cache hit)
npm http cache https://registry.npmjs.org/object.fromentries 74ms (cache hit)
npm http cache https://registry.npmjs.org/object.groupby 75ms (cache hit)
npm http cache https://registry.npmjs.org/object.values 76ms (cache hit)
npm http cache https://registry.npmjs.org/semver 76ms (cache hit)
npm http cache https://registry.npmjs.org/tsconfig-paths 77ms (cache hit)
npm http cache https://registry.npmjs.org/string.prototype.trimend 89ms (cache hit)
npm http cache https://registry.npmjs.org/aria-query 86ms (cache hit)
npm http cache https://registry.npmjs.org/ast-types-flow 79ms (cache hit)
npm http cache https://registry.npmjs.org/axobject-query 82ms (cache hit)
npm http cache https://registry.npmjs.org/axe-core 121ms (cache hit)
npm http cache https://registry.npmjs.org/damerau-levenshtein 302ms (cache hit)
npm http cache https://registry.npmjs.org/emoji-regex 363ms (cache hit)
npm http cache https://registry.npmjs.org/language-tags 365ms (cache hit)
npm http cache https://registry.npmjs.org/safe-regex-test 372ms (cache hit)
npm http cache https://registry.npmjs.org/jsx-ast-utils 392ms (cache hit)
npm http cache https://registry.npmjs.org/string.prototype.includes 371ms (cache hit)
npm http cache https://registry.npmjs.org/array.prototype.findlast 156ms (cache hit)
npm http cache https://registry.npmjs.org/array.prototype.tosorted 147ms (cache hit)
npm http cache https://registry.npmjs.org/es-iterator-helpers 93ms (cache hit)
npm http cache https://registry.npmjs.org/object.entries 82ms (cache hit)
npm http cache https://registry.npmjs.org/jsx-ast-utils 100ms (cache hit)
npm http cache https://registry.npmjs.org/prop-types 94ms (cache hit)
npm http cache https://registry.npmjs.org/string.prototype.repeat 86ms (cache hit)
npm http cache https://registry.npmjs.org/zod 101ms (cache hit)
npm http cache https://registry.npmjs.org/string.prototype.matchall 184ms (cache hit)
npm http cache https://registry.npmjs.org/hermes-parser 145ms (cache hit)
npm http cache https://registry.npmjs.org/@babel%2fcore 170ms (cache hit)
npm http cache https://registry.npmjs.org/@babel%2fparser 185ms (cache hit)
npm http cache https://registry.npmjs.org/zod-validation-error 190ms (cache hit)
npm http cache https://registry.npmjs.org/@typescript-eslint%2futils 255ms (cache hit)
npm http cache https://registry.npmjs.org/@typescript-eslint%2fparser 429ms (cache hit)
npm http cache https://registry.npmjs.org/@typescript-eslint%2feslint-plugin 835ms (cache hit)
npm http cache https://registry.npmjs.org/@typescript-eslint%2ftypescript-estree 1267ms (cache hit)
npm http cache https://registry.npmjs.org/@nodelib%2ffs.stat 43ms (cache hit)
npm http cache https://registry.npmjs.org/@nodelib%2ffs.walk 45ms (cache hit)
npm http cache https://registry.npmjs.org/micromatch 58ms (cache hit)
npm http cache https://registry.npmjs.org/merge2 68ms (cache hit)
npm http cache https://registry.npmjs.org/node-exports-info 47ms (cache hit)
npm http cache https://registry.npmjs.org/es-errors 52ms (cache hit)
npm http cache https://registry.npmjs.org/object-keys 52ms (cache hit)
npm http cache https://registry.npmjs.org/supports-preserve-symlinks-flag 48ms (cache hit)
npm http cache https://registry.npmjs.org/path-parse 53ms (cache hit)
npm http cache https://registry.npmjs.org/napi-postinstall 46ms (cache hit)
npm http cache https://registry.npmjs.org/picomatch 51ms (cache hit)
npm http cache https://registry.npmjs.org/fdir 60ms (cache hit)
npm http cache https://registry.npmjs.org/resolve-pkg-maps 73ms (cache hit)
npm http cache https://registry.npmjs.org/@unrs%2fresolver-binding-win32-arm64-msvc 67ms (cache hit)
npm http cache https://registry.npmjs.org/@unrs%2fresolver-binding-android-arm64 76ms (cache hit)
npm http cache https://registry.npmjs.org/@unrs%2fresolver-binding-darwin-arm64 81ms (cache hit)
npm http cache https://registry.npmjs.org/@unrs%2fresolver-binding-openharmony-arm64 65ms (cache hit)
npm http cache https://registry.npmjs.org/@unrs%2fresolver-binding-linux-arm64-gnu 84ms (cache hit)
npm http cache https://registry.npmjs.org/@unrs%2fresolver-binding-linux-arm64-musl 88ms (cache hit)
npm http cache https://registry.npmjs.org/@unrs%2fresolver-binding-android-arm-eabi 77ms (cache hit)
npm http cache https://registry.npmjs.org/@unrs%2fresolver-binding-linux-arm-musleabihf 72ms (cache hit)
npm http cache https://registry.npmjs.org/@unrs%2fresolver-binding-win32-ia32-msvc 69ms (cache hit)
npm http cache https://registry.npmjs.org/@unrs%2fresolver-binding-linux-arm-gnueabihf 87ms (cache hit)
npm http cache https://registry.npmjs.org/@unrs%2fresolver-binding-linux-loong64-gnu 78ms (cache hit)
npm http cache https://registry.npmjs.org/@unrs%2fresolver-binding-linux-loong64-musl 83ms (cache hit)
npm http cache https://registry.npmjs.org/@unrs%2fresolver-binding-linux-ppc64-gnu 77ms (cache hit)
npm http cache https://registry.npmjs.org/@unrs%2fresolver-binding-linux-riscv64-gnu 77ms (cache hit)
npm http cache https://registry.npmjs.org/@unrs%2fresolver-binding-linux-riscv64-musl 76ms (cache hit)
npm http cache https://registry.npmjs.org/@unrs%2fresolver-binding-linux-s390x-gnu 75ms (cache hit)
npm http cache https://registry.npmjs.org/@unrs%2fresolver-binding-wasm32-wasi 70ms (cache hit)
npm http cache https://registry.npmjs.org/@unrs%2fresolver-binding-darwin-x64 61ms (cache hit)
npm http cache https://registry.npmjs.org/@unrs%2fresolver-binding-win32-x64-msvc 58ms (cache hit)
npm http cache https://registry.npmjs.org/@unrs%2fresolver-binding-freebsd-x64 55ms (cache hit)
npm http cache https://registry.npmjs.org/@unrs%2fresolver-binding-linux-x64-gnu 56ms (cache hit)
npm http cache https://registry.npmjs.org/@unrs%2fresolver-binding-linux-x64-musl 55ms (cache hit)
npm http cache https://registry.npmjs.org/call-bound 50ms (cache hit)
npm http cache https://registry.npmjs.org/define-properties 54ms (cache hit)
npm http cache https://registry.npmjs.org/es-abstract 57ms (cache hit)
npm http cache https://registry.npmjs.org/call-bind 79ms (cache hit)
npm http cache https://registry.npmjs.org/get-intrinsic 77ms (cache hit)
npm http cache https://registry.npmjs.org/is-string 80ms (cache hit)
npm http cache https://registry.npmjs.org/es-object-atoms 89ms (cache hit)
npm http cache https://registry.npmjs.org/es-object-atoms 66ms (cache hit)
npm http cache https://registry.npmjs.org/call-bind 104ms (cache hit)
npm http cache https://registry.npmjs.org/math-intrinsics 119ms (cache hit)
npm http cache https://registry.npmjs.org/es-shim-unscopables 97ms (cache hit)
npm http cache https://registry.npmjs.org/es-shim-unscopables 94ms (cache hit)
npm http cache https://registry.npmjs.org/es-shim-unscopables 103ms (cache hit)
npm http cache https://registry.npmjs.org/function-bind 94ms (cache hit)
npm http cache https://registry.npmjs.org/json5 71ms (cache hit)
npm http cache https://registry.npmjs.org/minimist 67ms (cache hit)
npm http cache https://registry.npmjs.org/@types%2fjson5 52ms (cache hit)
npm http cache https://registry.npmjs.org/strip-bom 62ms (cache hit)
npm http cache https://registry.npmjs.org/set-function-length 67ms (cache hit)
npm http cache https://registry.npmjs.org/call-bind-apply-helpers 80ms (cache hit)
npm http cache https://registry.npmjs.org/es-define-property 81ms (cache hit)
npm http cache https://registry.npmjs.org/define-data-property 83ms (cache hit)
npm http cache https://registry.npmjs.org/call-bind-apply-helpers 96ms (cache hit)
npm http cache https://registry.npmjs.org/has-property-descriptors 92ms (cache hit)
npm http cache https://registry.npmjs.org/array-buffer-byte-length 95ms (cache hit)
npm http cache https://registry.npmjs.org/available-typed-arrays 84ms (cache hit)
npm http cache https://registry.npmjs.org/data-view-buffer 85ms (cache hit)
npm http cache https://registry.npmjs.org/arraybuffer.prototype.slice 106ms (cache hit)
npm http cache https://registry.npmjs.org/data-view-byte-offset 81ms (cache hit)
npm http cache https://registry.npmjs.org/data-view-byte-length 95ms (cache hit)
npm http cache https://registry.npmjs.org/es-to-primitive 76ms (cache hit)
npm http cache https://registry.npmjs.org/es-set-tostringtag 90ms (cache hit)
npm http cache https://registry.npmjs.org/get-proto 72ms (cache hit)
npm http cache https://registry.npmjs.org/function.prototype.name 82ms (cache hit)
npm http cache https://registry.npmjs.org/gopd 59ms (cache hit)
npm http cache https://registry.npmjs.org/get-symbol-description 82ms (cache hit)
npm http cache https://registry.npmjs.org/has-proto 71ms (cache hit)
npm http cache https://registry.npmjs.org/has-symbols 72ms (cache hit)
npm http cache https://registry.npmjs.org/globalthis 95ms (cache hit)
npm http cache https://registry.npmjs.org/internal-slot 90ms (cache hit)
npm http cache https://registry.npmjs.org/is-array-buffer 95ms (cache hit)
npm http cache https://registry.npmjs.org/is-callable 99ms (cache hit)
npm http cache https://registry.npmjs.org/is-data-view 95ms (cache hit)
npm http cache https://registry.npmjs.org/is-set 82ms (cache hit)
npm http cache https://registry.npmjs.org/is-regex 94ms (cache hit)
npm http cache https://registry.npmjs.org/is-negative-zero 106ms (cache hit)
npm http cache https://registry.npmjs.org/object-inspect 52ms (cache hit)
npm http cache https://registry.npmjs.org/is-weakref 67ms (cache hit)
npm http cache https://registry.npmjs.org/is-shared-array-buffer 103ms (cache hit)
npm http cache https://registry.npmjs.org/is-typed-array 95ms (cache hit)
npm http cache https://registry.npmjs.org/own-keys 73ms (cache hit)
npm http cache https://registry.npmjs.org/regexp.prototype.flags 75ms (cache hit)
npm http cache https://registry.npmjs.org/object.assign 91ms (cache hit)
npm http cache https://registry.npmjs.org/safe-array-concat 75ms (cache hit)
npm http cache https://registry.npmjs.org/stop-iteration-iterator 53ms (cache hit)
npm http cache https://registry.npmjs.org/safe-push-apply 79ms (cache hit)
npm http cache https://registry.npmjs.org/set-proto 68ms (cache hit)
npm http cache https://registry.npmjs.org/typed-array-buffer 63ms (cache hit)
npm http cache https://registry.npmjs.org/string.prototype.trim 85ms (cache hit)
npm http cache https://registry.npmjs.org/string.prototype.trimstart 92ms (cache hit)
npm http cache https://registry.npmjs.org/typed-array-byte-length 94ms (cache hit)
npm http cache https://registry.npmjs.org/typed-array-length 89ms (cache hit)
npm http cache https://registry.npmjs.org/unbox-primitive 89ms (cache hit)
npm http cache https://registry.npmjs.org/typed-array-byte-offset 104ms (cache hit)
npm http cache https://registry.npmjs.org/which-typed-array 82ms (cache hit)
npm http cache https://registry.npmjs.org/has-tostringtag 70ms (cache hit)
npm http cache https://registry.npmjs.org/possible-typed-array-names 77ms (cache hit)
npm http cache https://registry.npmjs.org/is-symbol 78ms (cache hit)
npm http cache https://registry.npmjs.org/es-abstract-get 78ms (cache hit)
npm http cache https://registry.npmjs.org/is-date-object 95ms (cache hit)
npm http cache https://registry.npmjs.org/dunder-proto 83ms (cache hit)
npm http cache https://registry.npmjs.org/is-document.all 98ms (cache hit)
npm http cache https://registry.npmjs.org/functions-have-names 99ms (cache hit)
npm http cache https://registry.npmjs.org/dunder-proto 91ms (cache hit)
npm http cache https://registry.npmjs.org/side-channel 95ms (cache hit)
npm http cache https://registry.npmjs.org/for-each 76ms (cache hit)
npm http cache https://registry.npmjs.org/set-function-name 108ms (cache hit)
npm http cache https://registry.npmjs.org/isarray 107ms (cache hit)
npm http cache https://registry.npmjs.org/isarray 102ms (cache hit)
npm http cache https://registry.npmjs.org/for-each 95ms (cache hit)
npm http cache https://registry.npmjs.org/for-each 69ms (cache hit)
npm http cache https://registry.npmjs.org/reflect.getprototypeof 79ms (cache hit)
npm http cache https://registry.npmjs.org/which-boxed-primitive 49ms (cache hit)
npm http cache https://registry.npmjs.org/reflect.getprototypeof 66ms (cache hit)
npm http cache https://registry.npmjs.org/has-bigints 58ms (cache hit)
npm http cache https://registry.npmjs.org/language-subtag-registry 23ms (cache hit)
npm http cache https://registry.npmjs.org/iterator.prototype 40ms (cache hit)
npm http cache https://registry.npmjs.org/loose-envify 39ms (cache hit)
npm http cache https://registry.npmjs.org/object-assign 37ms (cache hit)
npm http cache https://registry.npmjs.org/react-is 57ms (cache hit)
npm http cache https://registry.npmjs.org/gensync 109ms (cache hit)
npm http cache https://registry.npmjs.org/@babel%2fhelpers 107ms (cache hit)
npm http cache https://registry.npmjs.org/@babel%2ftypes 128ms (cache hit)
npm http cache https://registry.npmjs.org/@babel%2fgenerator 111ms (cache hit)
npm http cache https://registry.npmjs.org/@babel%2ftemplate 159ms (cache hit)
npm http cache https://registry.npmjs.org/@babel%2ftraverse 163ms (cache hit)
npm http cache https://registry.npmjs.org/@babel%2fcode-frame 147ms (cache hit)
npm http cache https://registry.npmjs.org/@babel%2fhelper-module-transforms 107ms (cache hit)
npm http cache https://registry.npmjs.org/convert-source-map 133ms (cache hit)
npm http cache https://registry.npmjs.org/@babel%2fhelper-compilation-targets 95ms (cache hit)
npm http cache https://registry.npmjs.org/hermes-estree 85ms (cache hit)
npm http cache https://registry.npmjs.org/js-tokens 74ms (cache hit)
npm http cache https://registry.npmjs.org/@babel%2fhelper-validator-identifier 75ms (cache hit)
npm http cache https://registry.npmjs.org/lru-cache 80ms (cache hit)
npm http cache https://registry.npmjs.org/jsesc 95ms (cache hit)
npm http cache https://registry.npmjs.org/@babel%2fcompat-data 91ms (cache hit)
npm http cache https://registry.npmjs.org/@babel%2fhelper-validator-option 94ms (cache hit)
npm http cache https://registry.npmjs.org/browserslist 108ms (cache hit)
npm http cache https://registry.npmjs.org/@babel%2fhelper-module-imports 72ms (cache hit)
npm http cache https://registry.npmjs.org/@babel%2fhelper-string-parser 60ms (cache hit)
npm http cache https://registry.npmjs.org/@babel%2fhelper-globals 80ms (cache hit)
npm http cache https://registry.npmjs.org/node-releases 38ms (cache hit)
npm http cache https://registry.npmjs.org/caniuse-lite 57ms (cache hit)
npm http cache https://registry.npmjs.org/update-browserslist-db 101ms (cache hit)
npm http cache https://registry.npmjs.org/yallist 104ms (cache hit)
npm http cache https://registry.npmjs.org/electron-to-chromium 130ms (cache hit)
npm http cache https://registry.npmjs.org/escalade 20ms (cache hit)
npm http cache https://registry.npmjs.org/braces 32ms (cache hit)
npm http cache https://registry.npmjs.org/@nodelib%2ffs.scandir 41ms (cache hit)
npm http cache https://registry.npmjs.org/fastq 46ms (cache hit)
npm http cache https://registry.npmjs.org/run-parallel 22ms (cache hit)
npm http cache https://registry.npmjs.org/reusify 22ms (cache hit)
npm http cache https://registry.npmjs.org/queue-microtask 18ms (cache hit)
npm http cache https://registry.npmjs.org/keyv 23ms (cache hit)
npm http cache https://registry.npmjs.org/flatted 31ms (cache hit)
npm http cache https://registry.npmjs.org/p-locate 20ms (cache hit)
npm http cache https://registry.npmjs.org/json-buffer 22ms (cache hit)
npm http cache https://registry.npmjs.org/side-channel-list 34ms (cache hit)
npm http cache https://registry.npmjs.org/side-channel-weakmap 33ms (cache hit)
npm http cache https://registry.npmjs.org/side-channel-map 36ms (cache hit)
npm http cache https://registry.npmjs.org/p-limit 22ms (cache hit)
npm http cache https://registry.npmjs.org/fill-range 36ms (cache hit)
npm http cache https://registry.npmjs.org/to-regex-range 26ms (cache hit)
npm http cache https://registry.npmjs.org/is-number 22ms (cache hit)
npm http cache https://registry.npmjs.org/balanced-match 28ms (cache hit)
npm http cache https://registry.npmjs.org/@img%2fsharp-linux-x64 51ms (cache hit)
npm http cache https://registry.npmjs.org/tslib 78ms (cache hit)
npm http cache https://registry.npmjs.org/@img%2fsharp-wasm32 81ms (cache hit)
npm http cache https://registry.npmjs.org/@img%2fcolour 96ms (cache hit)
npm http cache https://registry.npmjs.org/@img%2fsharp-linux-arm 96ms (cache hit)
npm http cache https://registry.npmjs.org/@img%2fsharp-win32-x64 97ms (cache hit)
npm http cache https://registry.npmjs.org/@img%2fsharp-darwin-x64 101ms (cache hit)
npm http cache https://registry.npmjs.org/@img%2fsharp-linux-arm64 81ms (cache hit)
npm http cache https://registry.npmjs.org/@img%2fsharp-win32-ia32 104ms (cache hit)
npm http cache https://registry.npmjs.org/@img%2fsharp-linux-ppc64 92ms (cache hit)
npm http cache https://registry.npmjs.org/@img%2fsharp-win32-arm64 74ms (cache hit)
npm http cache https://registry.npmjs.org/@img%2fsharp-linux-s390x 91ms (cache hit)
npm http cache https://registry.npmjs.org/@img%2fsharp-darwin-arm64 86ms (cache hit)
npm http cache https://registry.npmjs.org/@img%2fsharp-linux-riscv64 84ms (cache hit)
npm http cache https://registry.npmjs.org/@img%2fsharp-linuxmusl-arm64 72ms (cache hit)
npm http cache https://registry.npmjs.org/@img%2fsharp-linuxmusl-x64 93ms (cache hit)
npm http cache https://registry.npmjs.org/@img%2fsharp-libvips-linux-arm 82ms (cache hit)
npm http cache https://registry.npmjs.org/@img%2fsharp-libvips-linux-arm64 68ms (cache hit)
npm http cache https://registry.npmjs.org/@img%2fsharp-libvips-darwin-x64 86ms (cache hit)
npm http cache https://registry.npmjs.org/@img%2fsharp-libvips-linux-ppc64 75ms (cache hit)
npm http cache https://registry.npmjs.org/@img%2fsharp-libvips-linux-x64 103ms (cache hit)
npm http cache https://registry.npmjs.org/@img%2fsharp-libvips-darwin-arm64 63ms (cache hit)
npm http cache https://registry.npmjs.org/@img%2fsharp-libvips-linux-riscv64 60ms (cache hit)
npm http cache https://registry.npmjs.org/@img%2fsharp-libvips-linux-s390x 82ms (cache hit)
npm http cache https://registry.npmjs.org/@img%2fsharp-libvips-linuxmusl-x64 62ms (cache hit)
npm http cache https://registry.npmjs.org/@img%2fsharp-libvips-linuxmusl-arm64 59ms (cache hit)
npm http cache https://registry.npmjs.org/client-only 58ms (cache hit)
npm http cache https://registry.npmjs.org/yocto-queue 18ms (cache hit)
npm http cache https://registry.npmjs.org/@emnapi%2fruntime 30ms (cache hit)
npm http cache https://registry.npmjs.org/which-builtin-type 21ms (cache hit)
npm http cache https://registry.npmjs.org/is-async-function 41ms (cache hit)
npm http cache https://registry.npmjs.org/is-finalizationregistry 44ms (cache hit)
npm http cache https://registry.npmjs.org/is-generator-function 44ms (cache hit)
npm http cache https://registry.npmjs.org/which-collection 45ms (cache hit)
npm http cache https://registry.npmjs.org/ts-api-utils 85ms (cache hit)
npm http cache https://registry.npmjs.org/@typescript-eslint%2ftype-utils 162ms (cache hit)
npm http cache https://registry.npmjs.org/@typescript-eslint%2fvisitor-keys 582ms (cache hit)
npm http cache https://registry.npmjs.org/@typescript-eslint%2fscope-manager 946ms (cache hit)
npm http cache https://registry.npmjs.org/@typescript-eslint%2fvisitor-keys 1241ms (cache hit)
npm http cache https://registry.npmjs.org/@typescript-eslint%2fscope-manager 1525ms (cache hit)
npm http cache https://registry.npmjs.org/@typescript-eslint%2ftypes 1746ms (cache hit)
npm http cache https://registry.npmjs.org/@typescript-eslint%2ftsconfig-utils 1069ms (cache hit)
npm http cache https://registry.npmjs.org/@typescript-eslint%2fproject-service 820ms (cache hit)
npm http cache https://registry.npmjs.org/@typescript-eslint%2ftypes 1968ms (cache hit)
npm http cache https://registry.npmjs.org/@typescript-eslint%2fvisitor-keys 1966ms (cache hit)
npm http cache https://registry.npmjs.org/@typescript-eslint%2ftypes 1247ms (cache hit)
npm http cache https://registry.npmjs.org/@typescript-eslint%2ftsconfig-utils 30ms (cache hit)
npm http cache https://registry.npmjs.org/is-bigint 42ms (cache hit)
npm http cache https://registry.npmjs.org/is-number-object 38ms (cache hit)
npm http cache https://registry.npmjs.org/is-boolean-object 44ms (cache hit)
npm http cache https://registry.npmjs.org/@napi-rs%2fwasm-runtime 30ms (cache hit)
npm http cache https://registry.npmjs.org/@emnapi%2fcore 33ms (cache hit)
npm http cache https://registry.npmjs.org/@emnapi%2fwasi-threads 22ms (cache hit)
npm http cache https://registry.npmjs.org/@tybys%2fwasm-util 24ms (cache hit)
npm http cache https://registry.npmjs.org/is-weakmap 39ms (cache hit)
npm http cache https://registry.npmjs.org/generator-function 47ms (cache hit)
npm http cache https://registry.npmjs.org/async-function 55ms (cache hit)
npm http cache https://registry.npmjs.org/is-weakset 47ms (cache hit)
npm http cache https://registry.npmjs.org/is-map 57ms (cache hit)
npm http cache https://registry.npmjs.org/concat-map 33ms (cache hit)
npm verbose reify failed optional dependency C:\Users\DELL\Downloads\red-salamader\node_modules\@tailwindcss\oxide-wasm32-wasi
npm verbose reify failed optional dependency C:\Users\DELL\Downloads\red-salamader\node_modules\@unrs\resolver-binding-win32-ia32-msvc
npm verbose reify failed optional dependency C:\Users\DELL\Downloads\red-salamader\node_modules\@unrs\resolver-binding-win32-arm64-msvc
npm verbose reify failed optional dependency C:\Users\DELL\Downloads\red-salamader\node_modules\@unrs\resolver-binding-wasm32-wasi
npm verbose reify failed optional dependency C:\Users\DELL\Downloads\red-salamader\node_modules\@unrs\resolver-binding-wasm32-wasi\node_modules\@emnapi\runtime
npm verbose reify failed optional dependency C:\Users\DELL\Downloads\red-salamader\node_modules\@unrs\resolver-binding-openharmony-arm64
npm verbose reify failed optional dependency C:\Users\DELL\Downloads\red-salamader\node_modules\@unrs\resolver-binding-linux-x64-musl
npm verbose reify failed optional dependency C:\Users\DELL\Downloads\red-salamader\node_modules\@unrs\resolver-binding-linux-x64-gnu
npm verbose reify failed optional dependency C:\Users\DELL\Downloads\red-salamader\node_modules\@unrs\resolver-binding-linux-s390x-gnu
npm verbose reify failed optional dependency C:\Users\DELL\Downloads\red-salamader\node_modules\@unrs\resolver-binding-linux-riscv64-musl
npm verbose reify failed optional dependency C:\Users\DELL\Downloads\red-salamader\node_modules\@unrs\resolver-binding-linux-riscv64-gnu
npm verbose reify failed optional dependency C:\Users\DELL\Downloads\red-salamader\node_modules\@unrs\resolver-binding-linux-ppc64-gnu
npm verbose reify failed optional dependency C:\Users\DELL\Downloads\red-salamader\node_modules\@unrs\resolver-binding-linux-loong64-musl
npm verbose reify failed optional dependency C:\Users\DELL\Downloads\red-salamader\node_modules\@unrs\resolver-binding-linux-loong64-gnu
npm verbose reify failed optional dependency C:\Users\DELL\Downloads\red-salamader\node_modules\@unrs\resolver-binding-linux-arm64-musl
npm verbose reify failed optional dependency C:\Users\DELL\Downloads\red-salamader\node_modules\@unrs\resolver-binding-linux-arm64-gnu
npm verbose reify failed optional dependency C:\Users\DELL\Downloads\red-salamader\node_modules\@unrs\resolver-binding-linux-arm-musleabihf
npm verbose reify failed optional dependency C:\Users\DELL\Downloads\red-salamader\node_modules\@unrs\resolver-binding-linux-arm-gnueabihf
npm verbose reify failed optional dependency C:\Users\DELL\Downloads\red-salamader\node_modules\@unrs\resolver-binding-freebsd-x64
npm verbose reify failed optional dependency C:\Users\DELL\Downloads\red-salamader\node_modules\@unrs\resolver-binding-darwin-x64
npm verbose reify failed optional dependency C:\Users\DELL\Downloads\red-salamader\node_modules\@unrs\resolver-binding-darwin-arm64
npm verbose reify failed optional dependency C:\Users\DELL\Downloads\red-salamader\node_modules\@unrs\resolver-binding-android-arm64
npm verbose reify failed optional dependency C:\Users\DELL\Downloads\red-salamader\node_modules\@unrs\resolver-binding-android-arm-eabi
npm verbose reify failed optional dependency C:\Users\DELL\Downloads\red-salamader\node_modules\@img\sharp-win32-ia32
npm verbose reify failed optional dependency C:\Users\DELL\Downloads\red-salamader\node_modules\@img\sharp-win32-arm64
npm verbose reify failed optional dependency C:\Users\DELL\Downloads\red-salamader\node_modules\@img\sharp-wasm32
npm verbose reify failed optional dependency C:\Users\DELL\Downloads\red-salamader\node_modules\@img\sharp-linuxmusl-x64
npm verbose reify failed optional dependency C:\Users\DELL\Downloads\red-salamader\node_modules\@img\sharp-linuxmusl-arm64
npm verbose reify failed optional dependency C:\Users\DELL\Downloads\red-salamader\node_modules\@img\sharp-linux-x64
npm verbose reify failed optional dependency C:\Users\DELL\Downloads\red-salamader\node_modules\@img\sharp-linux-s390x
npm verbose reify failed optional dependency C:\Users\DELL\Downloads\red-salamader\node_modules\@img\sharp-linux-riscv64
npm verbose reify failed optional dependency C:\Users\DELL\Downloads\red-salamader\node_modules\@img\sharp-linux-ppc64
npm verbose reify failed optional dependency C:\Users\DELL\Downloads\red-salamader\node_modules\@img\sharp-linux-arm64
npm verbose reify failed optional dependency C:\Users\DELL\Downloads\red-salamader\node_modules\@img\sharp-linux-arm
npm verbose reify failed optional dependency C:\Users\DELL\Downloads\red-salamader\node_modules\@img\sharp-libvips-linuxmusl-x64
npm verbose reify failed optional dependency C:\Users\DELL\Downloads\red-salamader\node_modules\@img\sharp-libvips-linuxmusl-arm64
npm verbose reify failed optional dependency C:\Users\DELL\Downloads\red-salamader\node_modules\@img\sharp-libvips-linux-x64
npm verbose reify failed optional dependency C:\Users\DELL\Downloads\red-salamader\node_modules\@img\sharp-libvips-linux-s390x
npm verbose reify failed optional dependency C:\Users\DELL\Downloads\red-salamader\node_modules\@img\sharp-libvips-linux-riscv64
npm verbose reify failed optional dependency C:\Users\DELL\Downloads\red-salamader\node_modules\@img\sharp-libvips-linux-ppc64
npm verbose reify failed optional dependency C:\Users\DELL\Downloads\red-salamader\node_modules\@img\sharp-libvips-linux-arm64
npm verbose reify failed optional dependency C:\Users\DELL\Downloads\red-salamader\node_modules\@img\sharp-libvips-linux-arm
npm verbose reify failed optional dependency C:\Users\DELL\Downloads\red-salamader\node_modules\@img\sharp-libvips-darwin-x64
npm verbose reify failed optional dependency C:\Users\DELL\Downloads\red-salamader\node_modules\@img\sharp-libvips-darwin-arm64
npm verbose reify failed optional dependency C:\Users\DELL\Downloads\red-salamader\node_modules\@img\sharp-darwin-x64
npm verbose reify failed optional dependency C:\Users\DELL\Downloads\red-salamader\node_modules\@img\sharp-darwin-arm64
npm verbose reify failed optional dependency C:\Users\DELL\Downloads\red-salamader\node_modules\@next\swc-win32-arm64-msvc
npm verbose reify failed optional dependency C:\Users\DELL\Downloads\red-salamader\node_modules\@next\swc-linux-x64-musl
npm verbose reify failed optional dependency C:\Users\DELL\Downloads\red-salamader\node_modules\@next\swc-linux-x64-gnu
npm verbose reify failed optional dependency C:\Users\DELL\Downloads\red-salamader\node_modules\@next\swc-linux-arm64-musl
npm verbose reify failed optional dependency C:\Users\DELL\Downloads\red-salamader\node_modules\@next\swc-linux-arm64-gnu
npm verbose reify failed optional dependency C:\Users\DELL\Downloads\red-salamader\node_modules\@next\swc-darwin-x64
npm verbose reify failed optional dependency C:\Users\DELL\Downloads\red-salamader\node_modules\@next\swc-darwin-arm64
npm verbose reify failed optional dependency C:\Users\DELL\Downloads\red-salamader\node_modules\lightningcss-win32-arm64-msvc
npm verbose reify failed optional dependency C:\Users\DELL\Downloads\red-salamader\node_modules\lightningcss-linux-x64-musl
npm verbose reify failed optional dependency C:\Users\DELL\Downloads\red-salamader\node_modules\lightningcss-linux-x64-gnu
npm verbose reify failed optional dependency C:\Users\DELL\Downloads\red-salamader\node_modules\lightningcss-linux-arm64-musl
npm verbose reify failed optional dependency C:\Users\DELL\Downloads\red-salamader\node_modules\lightningcss-linux-arm64-gnu
npm verbose reify failed optional dependency C:\Users\DELL\Downloads\red-salamader\node_modules\lightningcss-linux-arm-gnueabihf
npm verbose reify failed optional dependency C:\Users\DELL\Downloads\red-salamader\node_modules\lightningcss-freebsd-x64
npm verbose reify failed optional dependency C:\Users\DELL\Downloads\red-salamader\node_modules\lightningcss-darwin-x64
npm verbose reify failed optional dependency C:\Users\DELL\Downloads\red-salamader\node_modules\lightningcss-darwin-arm64
npm verbose reify failed optional dependency C:\Users\DELL\Downloads\red-salamader\node_modules\lightningcss-android-arm64
npm verbose reify failed optional dependency C:\Users\DELL\Downloads\red-salamader\node_modules\@tailwindcss\oxide-win32-arm64-msvc
npm verbose reify failed optional dependency C:\Users\DELL\Downloads\red-salamader\node_modules\@tailwindcss\oxide-linux-x64-musl
npm verbose reify failed optional dependency C:\Users\DELL\Downloads\red-salamader\node_modules\@tailwindcss\oxide-linux-x64-gnu
npm verbose reify failed optional dependency C:\Users\DELL\Downloads\red-salamader\node_modules\@tailwindcss\oxide-linux-arm64-musl
npm verbose reify failed optional dependency C:\Users\DELL\Downloads\red-salamader\node_modules\@tailwindcss\oxide-linux-arm64-gnu
npm verbose reify failed optional dependency C:\Users\DELL\Downloads\red-salamader\node_modules\@tailwindcss\oxide-linux-arm-gnueabihf
npm verbose reify failed optional dependency C:\Users\DELL\Downloads\red-salamader\node_modules\@tailwindcss\oxide-freebsd-x64
npm verbose reify failed optional dependency C:\Users\DELL\Downloads\red-salamader\node_modules\@tailwindcss\oxide-darwin-x64
npm verbose reify failed optional dependency C:\Users\DELL\Downloads\red-salamader\node_modules\@tailwindcss\oxide-darwin-arm64
npm verbose reify failed optional dependency C:\Users\DELL\Downloads\red-salamader\node_modules\@tailwindcss\oxide-android-arm64
npm http cache concat-map@https://registry.npmjs.org/concat-map/-/concat-map-0.0.1.tgz 0ms (cache hit)
npm http cache is-weakset@https://registry.npmjs.org/is-weakset/-/is-weakset-2.0.4.tgz 0ms (cache hit)
npm http cache is-map@https://registry.npmjs.org/is-map/-/is-map-2.0.3.tgz 0ms (cache hit)
npm http cache is-weakmap@https://registry.npmjs.org/is-weakmap/-/is-weakmap-2.0.2.tgz 0ms (cache hit)
npm http cache async-function@https://registry.npmjs.org/async-function/-/async-function-1.0.0.tgz 0ms (cache hit)
npm http cache generator-function@https://registry.npmjs.org/generator-function/-/generator-function-2.0.1.tgz 0ms (cache hit)
npm http cache which-collection@https://registry.npmjs.org/which-collection/-/which-collection-1.0.2.tgz 0ms (cache hit)
npm http cache is-finalizationregistry@https://registry.npmjs.org/is-finalizationregistry/-/is-finalizationregistry-1.1.1.tgz 0ms (cache hit)
npm http cache is-number-object@https://registry.npmjs.org/is-number-object/-/is-number-object-1.1.1.tgz 0ms (cache hit)
npm http cache is-async-function@https://registry.npmjs.org/is-async-function/-/is-async-function-2.1.1.tgz 0ms (cache hit)
npm http cache is-generator-function@https://registry.npmjs.org/is-generator-function/-/is-generator-function-1.1.2.tgz 0ms (cache hit)
npm http cache is-boolean-object@https://registry.npmjs.org/is-boolean-object/-/is-boolean-object-1.2.2.tgz 0ms (cache hit)
npm http cache is-bigint@https://registry.npmjs.org/is-bigint/-/is-bigint-1.1.0.tgz 0ms (cache hit)
npm http cache @emnapi/wasi-threads@https://registry.npmjs.org/@emnapi/wasi-threads/-/wasi-threads-1.2.1.tgz 0ms (cache hit)
npm http cache @tybys/wasm-util@https://registry.npmjs.org/@tybys/wasm-util/-/wasm-util-0.10.3.tgz 0ms (cache hit)
npm http cache isexe@https://registry.npmjs.org/isexe/-/isexe-2.0.0.tgz 1ms (cache hit)
npm http cache punycode@https://registry.npmjs.org/punycode/-/punycode-2.3.1.tgz 0ms (cache hit)
npm http cache escalade@https://registry.npmjs.org/escalade/-/escalade-3.2.0.tgz 0ms (cache hit)
npm http cache @napi-rs/wasm-runtime@https://registry.npmjs.org/@napi-rs/wasm-runtime/-/wasm-runtime-1.2.1.tgz 0ms (cache hit)
npm http cache @unrs/resolver-binding-win32-x64-msvc@https://registry.npmjs.org/@unrs/resolver-binding-win32-x64-msvc/-/resolver-binding-win32-x64-msvc-1.12.2.tgz 0ms (cache hit)
npm http cache @typescript-eslint/tsconfig-utils@https://registry.npmjs.org/@typescript-eslint/tsconfig-utils/-/tsconfig-utils-8.65.0.tgz 0ms (cache hit)
npm http cache @emnapi/core@https://registry.npmjs.org/@emnapi/core/-/core-1.10.0.tgz 0ms (cache hit)
npm http cache @typescript-eslint/types@https://registry.npmjs.org/@typescript-eslint/types/-/types-8.65.0.tgz 0ms (cache hit)
npm http cache has-bigints@https://registry.npmjs.org/has-bigints/-/has-bigints-1.1.0.tgz 0ms (cache hit)
npm http cache ts-api-utils@https://registry.npmjs.org/ts-api-utils/-/ts-api-utils-2.5.0.tgz 0ms (cache hit)
npm http cache which-boxed-primitive@https://registry.npmjs.org/which-boxed-primitive/-/which-boxed-primitive-1.1.1.tgz 0ms (cache hit)
npm http cache @typescript-eslint/visitor-keys@https://registry.npmjs.org/@typescript-eslint/visitor-keys/-/visitor-keys-8.65.0.tgz 0ms (cache hit)
npm http cache napi-postinstall@https://registry.npmjs.org/napi-postinstall/-/napi-postinstall-0.3.4.tgz 0ms (cache hit)
npm http cache @typescript-eslint/utils@https://registry.npmjs.org/@typescript-eslint/utils/-/utils-8.65.0.tgz 0ms (cache hit)
npm http cache @typescript-eslint/typescript-estree@https://registry.npmjs.org/@typescript-eslint/typescript-estree/-/typescript-estree-8.65.0.tgz 0ms (cache hit)
npm http cache @typescript-eslint/project-service@https://registry.npmjs.org/@typescript-eslint/project-service/-/project-service-8.65.0.tgz 0ms (cache hit)
npm http cache @typescript-eslint/type-utils@https://registry.npmjs.org/@typescript-eslint/type-utils/-/type-utils-8.65.0.tgz 0ms (cache hit)
npm http cache which-builtin-type@https://registry.npmjs.org/which-builtin-type/-/which-builtin-type-1.2.1.tgz 0ms (cache hit)
npm http cache @typescript-eslint/parser@https://registry.npmjs.org/@typescript-eslint/parser/-/parser-8.65.0.tgz 0ms (cache hit)
npm http cache @typescript-eslint/eslint-plugin@https://registry.npmjs.org/@typescript-eslint/eslint-plugin/-/eslint-plugin-8.65.0.tgz 0ms (cache hit)
npm http cache reflect.getprototypeof@https://registry.npmjs.org/reflect.getprototypeof/-/reflect.getprototypeof-1.0.10.tgz 0ms (cache hit)
npm http cache @typescript-eslint/scope-manager@https://registry.npmjs.org/@typescript-eslint/scope-manager/-/scope-manager-8.65.0.tgz 0ms (cache hit)
npm http cache @types/json5@https://registry.npmjs.org/@types/json5/-/json5-0.0.29.tgz 0ms (cache hit)
npm http cache strip-bom@https://registry.npmjs.org/strip-bom/-/strip-bom-3.0.0.tgz 0ms (cache hit)
npm http cache for-each@https://registry.npmjs.org/for-each/-/for-each-0.3.5.tgz 0ms (cache hit)
npm http cache client-only@https://registry.npmjs.org/client-only/-/client-only-0.0.1.tgz 0ms (cache hit)
npm http cache is-number@https://registry.npmjs.org/is-number/-/is-number-7.0.0.tgz 0ms (cache hit)
npm http cache minimist@https://registry.npmjs.org/minimist/-/minimist-1.2.8.tgz 0ms (cache hit)
npm http cache side-channel-weakmap@https://registry.npmjs.org/side-channel-weakmap/-/side-channel-weakmap-1.0.2.tgz 0ms (cache hit)
npm http cache fdir@https://registry.npmjs.org/fdir/-/fdir-6.5.0.tgz 0ms (cache hit)
npm http cache side-channel-map@https://registry.npmjs.org/side-channel-map/-/side-channel-map-1.0.1.tgz 0ms (cache hit)
npm http cache @emnapi/runtime@https://registry.npmjs.org/@emnapi/runtime/-/runtime-1.11.3.tgz 0ms (cache hit)
npm http cache side-channel-list@https://registry.npmjs.org/side-channel-list/-/side-channel-list-1.0.1.tgz 0ms (cache hit)
npm http cache @img/sharp-win32-x64@https://registry.npmjs.org/@img/sharp-win32-x64/-/sharp-win32-x64-0.34.5.tgz 0ms (cache hit)
npm http cache @img/colour@https://registry.npmjs.org/@img/colour/-/colour-1.1.0.tgz 0ms (cache hit)
npm http cache shebang-regex@https://registry.npmjs.org/shebang-regex/-/shebang-regex-3.0.0.tgz 0ms (cache hit)
npm http cache queue-microtask@https://registry.npmjs.org/queue-microtask/-/queue-microtask-1.2.3.tgz 0ms (cache hit)
npm http cache isarray@https://registry.npmjs.org/isarray/-/isarray-2.0.5.tgz 0ms (cache hit)
npm http cache supports-preserve-symlinks-flag@https://registry.npmjs.org/supports-preserve-symlinks-flag/-/supports-preserve-symlinks-flag-1.0.0.tgz 0ms (cache hit)
npm http cache node-exports-info@https://registry.npmjs.org/node-exports-info/-/node-exports-info-1.6.2.tgz 0ms (cache hit)
npm http cache path-parse@https://registry.npmjs.org/path-parse/-/path-parse-1.0.7.tgz 0ms (cache hit)
npm http cache scheduler@https://registry.npmjs.org/scheduler/-/scheduler-0.27.0.tgz 0ms (cache hit)
npm http cache loose-envify@https://registry.npmjs.org/loose-envify/-/loose-envify-1.4.0.tgz 0ms (cache hit)
npm http cache nanoid@https://registry.npmjs.org/nanoid/-/nanoid-3.3.16.tgz 0ms (cache hit)
npm http cache object-assign@https://registry.npmjs.org/object-assign/-/object-assign-4.1.1.tgz 0ms (cache hit)
npm http cache react-is@https://registry.npmjs.org/react-is/-/react-is-16.13.1.tgz 0ms (cache hit)
npm http cache yocto-queue@https://registry.npmjs.org/yocto-queue/-/yocto-queue-0.1.0.tgz 0ms (cache hit)
npm http cache word-wrap@https://registry.npmjs.org/word-wrap/-/word-wrap-1.2.5.tgz 0ms (cache hit)
npm http cache tslib@https://registry.npmjs.org/tslib/-/tslib-2.8.1.tgz 0ms (cache hit)
npm http cache p-limit@https://registry.npmjs.org/p-limit/-/p-limit-3.1.0.tgz 0ms (cache hit)
npm http cache fast-levenshtein@https://registry.npmjs.org/fast-levenshtein/-/fast-levenshtein-2.0.6.tgz 0ms (cache hit)
npm http cache styled-jsx@https://registry.npmjs.org/styled-jsx/-/styled-jsx-5.1.6.tgz 0ms (cache hit)
npm http cache sharp@https://registry.npmjs.org/sharp/-/sharp-0.34.5.tgz 0ms (cache hit)
npm http cache @swc/helpers@https://registry.npmjs.org/@swc/helpers/-/helpers-0.5.15.tgz 0ms (cache hit)
npm http cache balanced-match@https://registry.npmjs.org/balanced-match/-/balanced-match-4.0.4.tgz 0ms (cache hit)
npm http cache @next/swc-win32-x64-msvc@https://registry.npmjs.org/@next/swc-win32-x64-msvc/-/swc-win32-x64-msvc-16.2.11.tgz 0ms (cache hit)
npm http cache @next/env@https://registry.npmjs.org/@next/env/-/env-16.2.11.tgz 0ms (cache hit)
npm http cache brace-expansion@https://registry.npmjs.org/brace-expansion/-/brace-expansion-5.0.9.tgz 0ms (cache hit)
npm http cache to-regex-range@https://registry.npmjs.org/to-regex-range/-/to-regex-range-5.0.1.tgz 0ms (cache hit)
npm http cache fill-range@https://registry.npmjs.org/fill-range/-/fill-range-7.1.1.tgz 0ms (cache hit)
npm http cache picomatch@https://registry.npmjs.org/picomatch/-/picomatch-2.3.2.tgz 0ms (cache hit)
npm http cache braces@https://registry.npmjs.org/braces/-/braces-3.0.3.tgz 0ms (cache hit)
npm http cache p-locate@https://registry.npmjs.org/p-locate/-/p-locate-5.0.0.tgz 0ms (cache hit)
npm http cache yallist@https://registry.npmjs.org/yallist/-/yallist-3.1.1.tgz 0ms (cache hit)
npm http cache deep-is@https://registry.npmjs.org/deep-is/-/deep-is-0.1.4.tgz 0ms (cache hit)
npm http cache lightningcss-win32-x64-msvc@https://registry.npmjs.org/lightningcss-win32-x64-msvc/-/lightningcss-win32-x64-msvc-1.32.0.tgz 0ms (cache hit)
npm http cache detect-libc@https://registry.npmjs.org/detect-libc/-/detect-libc-2.1.2.tgz 0ms (cache hit)
npm http cache type-check@https://registry.npmjs.org/type-check/-/type-check-0.4.0.tgz 0ms (cache hit)
npm http cache json-buffer@https://registry.npmjs.org/json-buffer/-/json-buffer-3.0.1.tgz 0ms (cache hit)
npm http cache language-subtag-registry@https://registry.npmjs.org/language-subtag-registry/-/language-subtag-registry-0.3.23.tgz 0ms (cache hit)
npm http cache set-function-name@https://registry.npmjs.org/set-function-name/-/set-function-name-2.0.2.tgz 0ms (cache hit)
npm http cache is-extglob@https://registry.npmjs.org/is-extglob/-/is-extglob-2.1.1.tgz 0ms (cache hit)
npm http cache side-channel@https://registry.npmjs.org/side-channel/-/side-channel-1.1.1.tgz 0ms (cache hit)
npm http cache hermes-estree@https://registry.npmjs.org/hermes-estree/-/hermes-estree-0.25.1.tgz 0ms (cache hit)
npm http cache prelude-ls@https://registry.npmjs.org/prelude-ls/-/prelude-ls-1.2.1.tgz 0ms (cache hit)
npm http cache resolve-pkg-maps@https://registry.npmjs.org/resolve-pkg-maps/-/resolve-pkg-maps-1.0.0.tgz 0ms (cache hit)
npm http cache dunder-proto@https://registry.npmjs.org/dunder-proto/-/dunder-proto-1.0.1.tgz 0ms (cache hit)
npm http cache is-document.all@https://registry.npmjs.org/is-document.all/-/is-document.all-1.0.0.tgz 0ms (cache hit)
npm http cache keyv@https://registry.npmjs.org/keyv/-/keyv-4.5.4.tgz 0ms (cache hit)
npm http cache flatted@https://registry.npmjs.org/flatted/-/flatted-3.4.4.tgz 0ms (cache hit)
npm http cache path-exists@https://registry.npmjs.org/path-exists/-/path-exists-4.0.0.tgz 0ms (cache hit)
npm http cache flat-cache@https://registry.npmjs.org/flat-cache/-/flat-cache-4.0.1.tgz 0ms (cache hit)
npm http cache reusify@https://registry.npmjs.org/reusify/-/reusify-1.1.0.tgz 0ms (cache hit)
npm http cache run-parallel@https://registry.npmjs.org/run-parallel/-/run-parallel-1.2.0.tgz 0ms (cache hit)
npm http cache @nodelib/fs.scandir@https://registry.npmjs.org/@nodelib/fs.scandir/-/fs.scandir-2.1.5.tgz 0ms (cache hit)
npm http cache fastq@https://registry.npmjs.org/fastq/-/fastq-1.20.1.tgz 0ms (cache hit)
npm http cache @nodelib/fs.walk@https://registry.npmjs.org/@nodelib/fs.walk/-/fs.walk-1.2.8.tgz 0ms (cache hit)
npm http cache micromatch@https://registry.npmjs.org/micromatch/-/micromatch-4.0.8.tgz 0ms (cache hit)
npm http cache @nodelib/fs.stat@https://registry.npmjs.org/@nodelib/fs.stat/-/fs.stat-2.0.5.tgz 0ms (cache hit)
npm http cache @types/esrecurse@https://registry.npmjs.org/@types/esrecurse/-/esrecurse-4.3.1.tgz 1ms (cache hit)
npm http cache acorn-jsx@https://registry.npmjs.org/acorn-jsx/-/acorn-jsx-5.3.2.tgz 0ms (cache hit)
npm http cache acorn@https://registry.npmjs.org/acorn/-/acorn-8.18.0.tgz 0ms (cache hit)
npm http cache esrecurse@https://registry.npmjs.org/esrecurse/-/esrecurse-4.3.0.tgz 0ms (cache hit)
npm http cache update-browserslist-db@https://registry.npmjs.org/update-browserslist-db/-/update-browserslist-db-1.2.3.tgz 0ms (cache hit)
npm http cache node-releases@https://registry.npmjs.org/node-releases/-/node-releases-2.0.51.tgz 0ms (cache hit)
npm http cache @babel/helper-string-parser@https://registry.npmjs.org/@babel/helper-string-parser/-/helper-string-parser-7.29.7.tgz 0ms (cache hit)
npm http cache electron-to-chromium@https://registry.npmjs.org/electron-to-chromium/-/electron-to-chromium-1.5.398.tgz 0ms (cache hit)
npm http cache caniuse-lite@https://registry.npmjs.org/caniuse-lite/-/caniuse-lite-1.0.30001806.tgz 0ms (cache hit)
npm http cache baseline-browser-mapping@https://registry.npmjs.org/baseline-browser-mapping/-/baseline-browser-mapping-2.11.7.tgz 0ms (cache hit)
npm http cache @babel/helper-globals@https://registry.npmjs.org/@babel/helper-globals/-/helper-globals-7.29.7.tgz 0ms (cache hit)
npm http cache lru-cache@https://registry.npmjs.org/lru-cache/-/lru-cache-5.1.1.tgz 0ms (cache hit)
npm http cache @babel/helper-module-imports@https://registry.npmjs.org/@babel/helper-module-imports/-/helper-module-imports-7.29.7.tgz 0ms (cache hit)
npm http cache browserslist@https://registry.npmjs.org/browserslist/-/browserslist-4.28.7.tgz 0ms (cache hit)
npm http cache merge2@https://registry.npmjs.org/merge2/-/merge2-1.4.1.tgz 0ms (cache hit)
npm http cache jsesc@https://registry.npmjs.org/jsesc/-/jsesc-3.1.0.tgz 0ms (cache hit)
npm http cache @babel/compat-data@https://registry.npmjs.org/@babel/compat-data/-/compat-data-7.29.7.tgz 0ms (cache hit)
npm http cache picocolors@https://registry.npmjs.org/picocolors/-/picocolors-1.1.1.tgz 0ms (cache hit)
npm http cache @babel/helper-validator-option@https://registry.npmjs.org/@babel/helper-validator-option/-/helper-validator-option-7.29.7.tgz 0ms (cache hit)
npm http cache @babel/helper-validator-identifier@https://registry.npmjs.org/@babel/helper-validator-identifier/-/helper-validator-identifier-7.29.7.tgz 0ms (cache hit)
npm http cache js-tokens@https://registry.npmjs.org/js-tokens/-/js-tokens-4.0.0.tgz 0ms (cache hit)
npm http cache @babel/types@https://registry.npmjs.org/@babel/types/-/types-7.29.7.tgz 0ms (cache hit)
npm http cache json5@https://registry.npmjs.org/json5/-/json5-2.2.3.tgz 0ms (cache hit)
npm http cache gensync@https://registry.npmjs.org/gensync/-/gensync-1.0.0-beta.2.tgz 0ms (cache hit)
npm http cache convert-source-map@https://registry.npmjs.org/convert-source-map/-/convert-source-map-2.0.0.tgz 0ms (cache hit)
npm http cache @babel/traverse@https://registry.npmjs.org/@babel/traverse/-/traverse-7.29.7.tgz 0ms (cache hit)
npm http cache @babel/template@https://registry.npmjs.org/@babel/template/-/template-7.29.7.tgz 0ms (cache hit)
npm http cache @babel/helpers@https://registry.npmjs.org/@babel/helpers/-/helpers-7.29.7.tgz 0ms (cache hit)
npm http cache @babel/helper-module-transforms@https://registry.npmjs.org/@babel/helper-module-transforms/-/helper-module-transforms-7.29.7.tgz 0ms (cache hit)
npm http cache zod-validation-error@https://registry.npmjs.org/zod-validation-error/-/zod-validation-error-4.0.2.tgz 0ms (cache hit)
npm http cache @babel/helper-compilation-targets@https://registry.npmjs.org/@babel/helper-compilation-targets/-/helper-compilation-targets-7.29.7.tgz 0ms (cache hit)
npm http cache zod@https://registry.npmjs.org/zod/-/zod-4.4.3.tgz 1ms (cache hit)
npm http cache @babel/code-frame@https://registry.npmjs.org/@babel/code-frame/-/code-frame-7.29.7.tgz 0ms (cache hit)
npm http cache @babel/generator@https://registry.npmjs.org/@babel/generator/-/generator-7.29.7.tgz 0ms (cache hit)
npm http cache hermes-parser@https://registry.npmjs.org/hermes-parser/-/hermes-parser-0.25.1.tgz 0ms (cache hit)
npm http cache @babel/core@https://registry.npmjs.org/@babel/core/-/core-7.29.7.tgz 0ms (cache hit)
npm http cache @babel/parser@https://registry.npmjs.org/@babel/parser/-/parser-7.29.7.tgz 0ms (cache hit)
npm http cache iterator.prototype@https://registry.npmjs.org/iterator.prototype/-/iterator.prototype-1.1.5.tgz 0ms (cache hit)
npm http cache locate-path@https://registry.npmjs.org/locate-path/-/locate-path-6.0.0.tgz 0ms (cache hit)
npm http cache string.prototype.repeat@https://registry.npmjs.org/string.prototype.repeat/-/string.prototype.repeat-1.0.0.tgz 0ms (cache hit)
npm http cache prop-types@https://registry.npmjs.org/prop-types/-/prop-types-15.8.1.tgz 0ms (cache hit)
npm http cache string.prototype.matchall@https://registry.npmjs.org/string.prototype.matchall/-/string.prototype.matchall-4.0.12.tgz 1ms (cache hit)
npm http cache object.entries@https://registry.npmjs.org/object.entries/-/object.entries-1.1.9.tgz 0ms (cache hit)
npm http cache estraverse@https://registry.npmjs.org/estraverse/-/estraverse-5.3.0.tgz 0ms (cache hit)
npm http cache es-iterator-helpers@https://registry.npmjs.org/es-iterator-helpers/-/es-iterator-helpers-1.4.0.tgz 0ms (cache hit)
npm http cache array.prototype.tosorted@https://registry.npmjs.org/array.prototype.tosorted/-/array.prototype.tosorted-1.1.4.tgz 0ms (cache hit)
npm http cache array.prototype.findlast@https://registry.npmjs.org/array.prototype.findlast/-/array.prototype.findlast-1.2.5.tgz 0ms (cache hit)
npm http cache string.prototype.includes@https://registry.npmjs.org/string.prototype.includes/-/string.prototype.includes-2.0.1.tgz 0ms (cache hit)
npm http cache language-tags@https://registry.npmjs.org/language-tags/-/language-tags-1.0.9.tgz 0ms (cache hit)
npm http cache jsx-ast-utils@https://registry.npmjs.org/jsx-ast-utils/-/jsx-ast-utils-3.3.5.tgz 0ms (cache hit)
npm http cache damerau-levenshtein@https://registry.npmjs.org/damerau-levenshtein/-/damerau-levenshtein-1.0.8.tgz 0ms (cache hit)
npm http cache emoji-regex@https://registry.npmjs.org/emoji-regex/-/emoji-regex-9.2.2.tgz 0ms (cache hit)
npm http cache axobject-query@https://registry.npmjs.org/axobject-query/-/axobject-query-4.1.0.tgz 0ms (cache hit)
npm http cache axe-core@https://registry.npmjs.org/axe-core/-/axe-core-4.12.1.tgz 0ms (cache hit)
npm http cache is-symbol@https://registry.npmjs.org/is-symbol/-/is-symbol-1.1.1.tgz 0ms (cache hit)
npm http cache is-date-object@https://registry.npmjs.org/is-date-object/-/is-date-object-1.1.0.tgz 0ms (cache hit)
npm http cache es-abstract-get@https://registry.npmjs.org/es-abstract-get/-/es-abstract-get-1.0.0.tgz 0ms (cache hit)
npm http cache aria-query@https://registry.npmjs.org/aria-query/-/aria-query-5.3.2.tgz 0ms (cache hit)
npm http cache has-tostringtag@https://registry.npmjs.org/has-tostringtag/-/has-tostringtag-1.0.2.tgz 0ms (cache hit)
npm http cache which-typed-array@https://registry.npmjs.org/which-typed-array/-/which-typed-array-1.1.22.tgz 0ms (cache hit)
npm http cache possible-typed-array-names@https://registry.npmjs.org/possible-typed-array-names/-/possible-typed-array-names-1.1.0.tgz 0ms (cache hit)
npm http cache unbox-primitive@https://registry.npmjs.org/unbox-primitive/-/unbox-primitive-1.1.0.tgz 0ms (cache hit)
npm http cache typed-array-byte-offset@https://registry.npmjs.org/typed-array-byte-offset/-/typed-array-byte-offset-1.0.4.tgz 0ms (cache hit)
npm http cache typed-array-byte-length@https://registry.npmjs.org/typed-array-byte-length/-/typed-array-byte-length-1.0.3.tgz 0ms (cache hit)
npm http cache typed-array-length@https://registry.npmjs.org/typed-array-length/-/typed-array-length-1.0.8.tgz 0ms (cache hit)
npm http cache typed-array-buffer@https://registry.npmjs.org/typed-array-buffer/-/typed-array-buffer-1.0.3.tgz 0ms (cache hit)
npm http cache string.prototype.trim@https://registry.npmjs.org/string.prototype.trim/-/string.prototype.trim-1.2.11.tgz 0ms (cache hit)
npm http cache string.prototype.trimstart@https://registry.npmjs.org/string.prototype.trimstart/-/string.prototype.trimstart-1.0.8.tgz 0ms (cache hit)
npm http cache stop-iteration-iterator@https://registry.npmjs.org/stop-iteration-iterator/-/stop-iteration-iterator-1.1.0.tgz 0ms (cache hit)
npm http cache safe-regex-test@https://registry.npmjs.org/safe-regex-test/-/safe-regex-test-1.1.0.tgz 0ms (cache hit)
npm http cache set-proto@https://registry.npmjs.org/set-proto/-/set-proto-1.0.0.tgz 0ms (cache hit)
npm http cache ast-types-flow@https://registry.npmjs.org/ast-types-flow/-/ast-types-flow-0.0.8.tgz 0ms (cache hit)
npm http cache safe-push-apply@https://registry.npmjs.org/safe-push-apply/-/safe-push-apply-1.0.0.tgz 0ms (cache hit)
npm http cache regexp.prototype.flags@https://registry.npmjs.org/regexp.prototype.flags/-/regexp.prototype.flags-1.5.4.tgz 0ms (cache hit)
npm http cache own-keys@https://registry.npmjs.org/own-keys/-/own-keys-1.0.2.tgz 0ms (cache hit)
npm http cache is-weakref@https://registry.npmjs.org/is-weakref/-/is-weakref-1.1.1.tgz 0ms (cache hit)
npm http cache safe-array-concat@https://registry.npmjs.org/safe-array-concat/-/safe-array-concat-1.1.4.tgz 0ms (cache hit)
npm http cache object-inspect@https://registry.npmjs.org/object-inspect/-/object-inspect-1.13.4.tgz 0ms (cache hit)
npm http cache object.assign@https://registry.npmjs.org/object.assign/-/object.assign-4.1.7.tgz 0ms (cache hit)
npm http cache is-typed-array@https://registry.npmjs.org/is-typed-array/-/is-typed-array-1.1.15.tgz 0ms (cache hit)
npm http cache is-shared-array-buffer@https://registry.npmjs.org/is-shared-array-buffer/-/is-shared-array-buffer-1.0.4.tgz 0ms (cache hit)
npm http cache functions-have-names@https://registry.npmjs.org/functions-have-names/-/functions-have-names-1.2.3.tgz 0ms (cache hit)
npm http cache is-regex@https://registry.npmjs.org/is-regex/-/is-regex-1.2.1.tgz 0ms (cache hit)
npm http cache is-set@https://registry.npmjs.org/is-set/-/is-set-2.0.3.tgz 0ms (cache hit)
npm http cache is-negative-zero@https://registry.npmjs.org/is-negative-zero/-/is-negative-zero-2.0.3.tgz 0ms (cache hit)
npm http cache is-callable@https://registry.npmjs.org/is-callable/-/is-callable-1.2.7.tgz 0ms (cache hit)
npm http cache has-symbols@https://registry.npmjs.org/has-symbols/-/has-symbols-1.1.0.tgz 0ms (cache hit)
npm http cache internal-slot@https://registry.npmjs.org/internal-slot/-/internal-slot-1.1.0.tgz 0ms (cache hit)
npm http cache is-array-buffer@https://registry.npmjs.org/is-array-buffer/-/is-array-buffer-3.0.5.tgz 0ms (cache hit)
npm http cache globalthis@https://registry.npmjs.org/globalthis/-/globalthis-1.0.4.tgz 0ms (cache hit)
npm http cache has-proto@https://registry.npmjs.org/has-proto/-/has-proto-1.2.0.tgz 0ms (cache hit)
npm http cache get-proto@https://registry.npmjs.org/get-proto/-/get-proto-1.0.1.tgz 0ms (cache hit)
npm http cache function.prototype.name@https://registry.npmjs.org/function.prototype.name/-/function.prototype.name-1.2.0.tgz 0ms (cache hit)
npm http cache es-to-primitive@https://registry.npmjs.org/es-to-primitive/-/es-to-primitive-1.3.4.tgz 0ms (cache hit)
npm http cache get-symbol-description@https://registry.npmjs.org/get-symbol-description/-/get-symbol-description-1.1.0.tgz 0ms (cache hit)
npm http cache es-set-tostringtag@https://registry.npmjs.org/es-set-tostringtag/-/es-set-tostringtag-2.1.0.tgz 0ms (cache hit)
npm http cache data-view-byte-offset@https://registry.npmjs.org/data-view-byte-offset/-/data-view-byte-offset-1.0.1.tgz 1ms (cache hit)
npm http cache data-view-byte-length@https://registry.npmjs.org/data-view-byte-length/-/data-view-byte-length-1.0.2.tgz 0ms (cache hit)
npm http cache data-view-buffer@https://registry.npmjs.org/data-view-buffer/-/data-view-buffer-1.0.2.tgz 0ms (cache hit)
npm http cache available-typed-arrays@https://registry.npmjs.org/available-typed-arrays/-/available-typed-arrays-1.0.7.tgz 0ms (cache hit)
npm http cache arraybuffer.prototype.slice@https://registry.npmjs.org/arraybuffer.prototype.slice/-/arraybuffer.prototype.slice-1.0.4.tgz 0ms (cache hit)
npm http cache is-data-view@https://registry.npmjs.org/is-data-view/-/is-data-view-1.0.2.tgz 0ms (cache hit)
npm http cache array-buffer-byte-length@https://registry.npmjs.org/array-buffer-byte-length/-/array-buffer-byte-length-1.0.2.tgz 0ms (cache hit)
npm http cache gopd@https://registry.npmjs.org/gopd/-/gopd-1.2.0.tgz 0ms (cache hit)
npm http cache object-keys@https://registry.npmjs.org/object-keys/-/object-keys-1.1.1.tgz 0ms (cache hit)
npm http cache has-property-descriptors@https://registry.npmjs.org/has-property-descriptors/-/has-property-descriptors-1.0.2.tgz 0ms (cache hit)
npm http cache define-data-property@https://registry.npmjs.org/define-data-property/-/define-data-property-1.1.4.tgz 0ms (cache hit)
npm http cache es-define-property@https://registry.npmjs.org/es-define-property/-/es-define-property-1.0.1.tgz 0ms (cache hit)
npm http cache set-function-length@https://registry.npmjs.org/set-function-length/-/set-function-length-1.2.2.tgz 0ms (cache hit)
npm http cache function-bind@https://registry.npmjs.org/function-bind/-/function-bind-1.1.2.tgz 0ms (cache hit)
npm http cache call-bind-apply-helpers@https://registry.npmjs.org/call-bind-apply-helpers/-/call-bind-apply-helpers-1.0.2.tgz 0ms (cache hit)
npm http cache es-shim-unscopables@https://registry.npmjs.org/es-shim-unscopables/-/es-shim-unscopables-1.1.0.tgz 0ms (cache hit)
npm http cache es-errors@https://registry.npmjs.org/es-errors/-/es-errors-1.3.0.tgz 0ms (cache hit)
npm http cache math-intrinsics@https://registry.npmjs.org/math-intrinsics/-/math-intrinsics-1.1.0.tgz 0ms (cache hit)
npm http cache es-abstract@https://registry.npmjs.org/es-abstract/-/es-abstract-1.24.2.tgz 0ms (cache hit)
npm http cache get-intrinsic@https://registry.npmjs.org/get-intrinsic/-/get-intrinsic-1.3.0.tgz 0ms (cache hit)
npm http cache define-properties@https://registry.npmjs.org/define-properties/-/define-properties-1.2.1.tgz 0ms (cache hit)
npm http cache call-bound@https://registry.npmjs.org/call-bound/-/call-bound-1.0.4.tgz 0ms (cache hit)
npm http cache es-object-atoms@https://registry.npmjs.org/es-object-atoms/-/es-object-atoms-1.1.2.tgz 0ms (cache hit)
npm http cache string.prototype.trimend@https://registry.npmjs.org/string.prototype.trimend/-/string.prototype.trimend-1.0.10.tgz 0ms (cache hit)
npm http cache call-bind@https://registry.npmjs.org/call-bind/-/call-bind-1.0.9.tgz 0ms (cache hit)
npm http cache tsconfig-paths@https://registry.npmjs.org/tsconfig-paths/-/tsconfig-paths-3.15.0.tgz 0ms (cache hit)
npm http cache is-string@https://registry.npmjs.org/is-string/-/is-string-1.1.1.tgz 0ms (cache hit)
npm http cache semver@https://registry.npmjs.org/semver/-/semver-6.3.1.tgz 0ms (cache hit)
npm http cache object.values@https://registry.npmjs.org/object.values/-/object.values-1.2.1.tgz 0ms (cache hit)
npm http cache object.groupby@https://registry.npmjs.org/object.groupby/-/object.groupby-1.0.3.tgz 0ms (cache hit)
npm http cache hasown@https://registry.npmjs.org/hasown/-/hasown-2.0.4.tgz 0ms (cache hit)
npm http cache eslint-module-utils@https://registry.npmjs.org/eslint-module-utils/-/eslint-module-utils-2.14.0.tgz 0ms (cache hit)
npm http cache doctrine@https://registry.npmjs.org/doctrine/-/doctrine-2.1.0.tgz 0ms (cache hit)
npm http cache array.prototype.flatmap@https://registry.npmjs.org/array.prototype.flatmap/-/array.prototype.flatmap-1.3.3.tgz 0ms (cache hit)
npm http cache @rtsao/scc@https://registry.npmjs.org/@rtsao/scc/-/scc-1.1.0.tgz 0ms (cache hit)
npm http cache array.prototype.flat@https://registry.npmjs.org/array.prototype.flat/-/array.prototype.flat-1.3.3.tgz 0ms (cache hit)
npm http cache array.prototype.findlastindex@https://registry.npmjs.org/array.prototype.findlastindex/-/array.prototype.findlastindex-1.2.6.tgz 0ms (cache hit)
npm http cache array-includes@https://registry.npmjs.org/array-includes/-/array-includes-3.1.9.tgz 0ms (cache hit)
npm http cache tinyglobby@https://registry.npmjs.org/tinyglobby/-/tinyglobby-0.2.17.tgz 0ms (cache hit)
npm http cache unrs-resolver@https://registry.npmjs.org/unrs-resolver/-/unrs-resolver-1.12.2.tgz 0ms (cache hit)
npm http cache object.fromentries@https://registry.npmjs.org/object.fromentries/-/object.fromentries-2.0.8.tgz 0ms (cache hit)
npm http cache @nolyfill/is-core-module@https://registry.npmjs.org/@nolyfill/is-core-module/-/is-core-module-1.0.39.tgz 0ms (cache hit)
npm http cache get-tsconfig@https://registry.npmjs.org/get-tsconfig/-/get-tsconfig-4.14.0.tgz 0ms (cache hit)
npm http cache stable-hash@https://registry.npmjs.org/stable-hash/-/stable-hash-0.0.5.tgz 0ms (cache hit)
npm http cache is-core-module@https://registry.npmjs.org/is-core-module/-/is-core-module-2.16.2.tgz 0ms (cache hit)
npm http cache resolve@https://registry.npmjs.org/resolve/-/resolve-2.0.0-next.7.tgz 0ms (cache hit)
npm http cache typescript-eslint@https://registry.npmjs.org/typescript-eslint/-/typescript-eslint-8.65.0.tgz 0ms (cache hit)
npm http cache globals@https://registry.npmjs.org/globals/-/globals-16.4.0.tgz 0ms (cache hit)
npm http cache eslint-plugin-import@https://registry.npmjs.org/eslint-plugin-import/-/eslint-plugin-import-2.32.0.tgz 0ms (cache hit)
npm http cache eslint-plugin-react@https://registry.npmjs.org/eslint-plugin-react/-/eslint-plugin-react-7.37.5.tgz 0ms (cache hit)
npm http cache is-bun-module@https://registry.npmjs.org/is-bun-module/-/is-bun-module-2.0.0.tgz 0ms (cache hit)
npm http cache eslint-plugin-react-hooks@https://registry.npmjs.org/eslint-plugin-react-hooks/-/eslint-plugin-react-hooks-7.1.1.tgz 0ms (cache hit)
npm http cache @next/eslint-plugin-next@https://registry.npmjs.org/@next/eslint-plugin-next/-/eslint-plugin-next-16.2.11.tgz 0ms (cache hit)
npm http cache eslint-import-resolver-typescript@https://registry.npmjs.org/eslint-import-resolver-typescript/-/eslint-import-resolver-typescript-3.10.1.tgz 0ms (cache hit)
npm http cache fast-glob@https://registry.npmjs.org/fast-glob/-/fast-glob-3.3.1.tgz 0ms (cache hit)
npm http cache eslint-plugin-jsx-a11y@https://registry.npmjs.org/eslint-plugin-jsx-a11y/-/eslint-plugin-jsx-a11y-6.10.2.tgz 0ms (cache hit)
npm http cache ms@https://registry.npmjs.org/ms/-/ms-2.1.3.tgz 0ms (cache hit)
npm http cache eslint-import-resolver-node@https://registry.npmjs.org/eslint-import-resolver-node/-/eslint-import-resolver-node-0.3.10.tgz 0ms (cache hit)
npm http cache shebang-command@https://registry.npmjs.org/shebang-command/-/shebang-command-2.0.0.tgz 0ms (cache hit)
npm http cache path-key@https://registry.npmjs.org/path-key/-/path-key-3.1.1.tgz 0ms (cache hit)
npm http cache uri-js@https://registry.npmjs.org/uri-js/-/uri-js-4.4.1.tgz 0ms (cache hit)
npm http cache json-schema-traverse@https://registry.npmjs.org/json-schema-traverse/-/json-schema-traverse-0.4.1.tgz 0ms (cache hit)
npm http cache @humanfs/types@https://registry.npmjs.org/@humanfs/types/-/types-0.15.0.tgz 0ms (cache hit)
npm http cache fast-json-stable-stringify@https://registry.npmjs.org/fast-json-stable-stringify/-/fast-json-stable-stringify-2.1.0.tgz 0ms (cache hit)
npm http cache levn@https://registry.npmjs.org/levn/-/levn-0.4.1.tgz 0ms (cache hit)
npm http cache @humanfs/core@https://registry.npmjs.org/@humanfs/core/-/core-0.19.2.tgz 0ms (cache hit)
npm http cache @eslint/object-schema@https://registry.npmjs.org/@eslint/object-schema/-/object-schema-3.0.5.tgz 0ms (cache hit)
npm http cache which@https://registry.npmjs.org/which/-/which-2.0.2.tgz 0ms (cache hit)
npm http cache @types/json-schema@https://registry.npmjs.org/@types/json-schema/-/json-schema-7.0.15.tgz 0ms (cache hit)
npm http cache optionator@https://registry.npmjs.org/optionator/-/optionator-0.9.4.tgz 0ms (cache hit)
npm http cache natural-compare@https://registry.npmjs.org/natural-compare/-/natural-compare-1.4.0.tgz 0ms (cache hit)
npm http cache is-glob@https://registry.npmjs.org/is-glob/-/is-glob-4.0.3.tgz 0ms (cache hit)
npm http cache json-stable-stringify-without-jsonify@https://registry.npmjs.org/json-stable-stringify-without-jsonify/-/json-stable-stringify-without-jsonify-1.0.1.tgz 0ms (cache hit)
npm http cache imurmurhash@https://registry.npmjs.org/imurmurhash/-/imurmurhash-0.1.4.tgz 0ms (cache hit)
npm http cache glob-parent@https://registry.npmjs.org/glob-parent/-/glob-parent-6.0.2.tgz 1ms (cache hit)
npm http cache ignore@https://registry.npmjs.org/ignore/-/ignore-5.3.2.tgz 0ms (cache hit)
npm http cache file-entry-cache@https://registry.npmjs.org/file-entry-cache/-/file-entry-cache-8.0.0.tgz 0ms (cache hit)
npm http cache find-up@https://registry.npmjs.org/find-up/-/find-up-5.0.0.tgz 0ms (cache hit)
npm http cache minimatch@https://registry.npmjs.org/minimatch/-/minimatch-10.2.6.tgz 0ms (cache hit)
npm http cache fast-deep-equal@https://registry.npmjs.org/fast-deep-equal/-/fast-deep-equal-3.1.3.tgz 0ms (cache hit)
npm http cache esutils@https://registry.npmjs.org/esutils/-/esutils-2.0.3.tgz 0ms (cache hit)
npm http cache esquery@https://registry.npmjs.org/esquery/-/esquery-1.7.0.tgz 0ms (cache hit)
npm http cache eslint-visitor-keys@https://registry.npmjs.org/eslint-visitor-keys/-/eslint-visitor-keys-5.0.1.tgz 0ms (cache hit)
npm http cache eslint-scope@https://registry.npmjs.org/eslint-scope/-/eslint-scope-9.1.2.tgz 0ms (cache hit)
npm http cache escape-string-regexp@https://registry.npmjs.org/escape-string-regexp/-/escape-string-regexp-4.0.0.tgz 0ms (cache hit)
npm http cache debug@https://registry.npmjs.org/debug/-/debug-4.4.3.tgz 0ms (cache hit)
npm http cache cross-spawn@https://registry.npmjs.org/cross-spawn/-/cross-spawn-7.0.6.tgz 0ms (cache hit)
npm http cache @types/estree@https://registry.npmjs.org/@types/estree/-/estree-1.0.9.tgz 0ms (cache hit)
npm http cache ajv@https://registry.npmjs.org/ajv/-/ajv-6.15.0.tgz 0ms (cache hit)
npm http cache @humanfs/node@https://registry.npmjs.org/@humanfs/node/-/node-0.16.8.tgz 0ms (cache hit)
npm http cache espree@https://registry.npmjs.org/espree/-/espree-11.2.0.tgz 0ms (cache hit)
npm http cache @eslint/plugin-kit@https://registry.npmjs.org/@eslint/plugin-kit/-/plugin-kit-0.7.2.tgz 0ms (cache hit)
npm http cache @eslint/core@https://registry.npmjs.org/@eslint/core/-/core-1.2.1.tgz 0ms (cache hit)
npm http cache @humanwhocodes/retry@https://registry.npmjs.org/@humanwhocodes/retry/-/retry-0.4.3.tgz 0ms (cache hit)
npm http cache @humanwhocodes/module-importer@https://registry.npmjs.org/@humanwhocodes/module-importer/-/module-importer-1.0.1.tgz 0ms (cache hit)
npm http cache @eslint/config-helpers@https://registry.npmjs.org/@eslint/config-helpers/-/config-helpers-0.7.0.tgz 1ms (cache hit)
npm http cache @eslint-community/eslint-utils@https://registry.npmjs.org/@eslint-community/eslint-utils/-/eslint-utils-4.10.1.tgz 0ms (cache hit)
npm http cache @eslint/config-array@https://registry.npmjs.org/@eslint/config-array/-/config-array-0.23.5.tgz 0ms (cache hit)
npm http cache @tailwindcss/oxide-win32-x64-msvc@https://registry.npmjs.org/@tailwindcss/oxide-win32-x64-msvc/-/oxide-win32-x64-msvc-4.3.3.tgz 0ms (cache hit)
npm http cache tapable@https://registry.npmjs.org/tapable/-/tapable-2.3.3.tgz 0ms (cache hit)
npm http cache @eslint-community/regexpp@https://registry.npmjs.org/@eslint-community/regexpp/-/regexpp-4.12.2.tgz 0ms (cache hit)
npm http cache @jridgewell/resolve-uri@https://registry.npmjs.org/@jridgewell/resolve-uri/-/resolve-uri-3.1.2.tgz 0ms (cache hit)
npm http cache csstype@https://registry.npmjs.org/csstype/-/csstype-3.2.3.tgz 0ms (cache hit)
npm http cache graceful-fs@https://registry.npmjs.org/graceful-fs/-/graceful-fs-4.2.11.tgz 0ms (cache hit)
npm http cache source-map-js@https://registry.npmjs.org/source-map-js/-/source-map-js-1.2.1.tgz 0ms (cache hit)
npm http cache @jridgewell/gen-mapping@https://registry.npmjs.org/@jridgewell/gen-mapping/-/gen-mapping-0.3.13.tgz 0ms (cache hit)
npm http cache @jridgewell/trace-mapping@https://registry.npmjs.org/@jridgewell/trace-mapping/-/trace-mapping-0.3.31.tgz 0ms (cache hit)
npm http cache undici-types@https://registry.npmjs.org/undici-types/-/undici-types-8.3.0.tgz 0ms (cache hit)
npm http cache magic-string@https://registry.npmjs.org/magic-string/-/magic-string-0.30.21.tgz 0ms (cache hit)
npm http cache @jridgewell/remapping@https://registry.npmjs.org/@jridgewell/remapping/-/remapping-2.3.5.tgz 0ms (cache hit)
npm http cache @jridgewell/sourcemap-codec@https://registry.npmjs.org/@jridgewell/sourcemap-codec/-/sourcemap-codec-1.5.5.tgz 0ms (cache hit)
npm http cache lightningcss@https://registry.npmjs.org/lightningcss/-/lightningcss-1.32.0.tgz 0ms (cache hit)
npm http cache enhanced-resolve@https://registry.npmjs.org/enhanced-resolve/-/enhanced-resolve-5.24.5.tgz 0ms (cache hit)
npm http cache @alloc/quick-lru@https://registry.npmjs.org/@alloc/quick-lru/-/quick-lru-5.2.0.tgz 0ms (cache hit)
npm http cache postcss@https://registry.npmjs.org/postcss/-/postcss-8.5.25.tgz 0ms (cache hit)
npm http cache @tailwindcss/oxide@https://registry.npmjs.org/@tailwindcss/oxide/-/oxide-4.3.3.tgz 0ms (cache hit)
npm http cache jiti@https://registry.npmjs.org/jiti/-/jiti-2.7.0.tgz 0ms (cache hit)
npm http cache @tailwindcss/node@https://registry.npmjs.org/@tailwindcss/node/-/node-4.3.3.tgz 0ms (cache hit)
npm http cache react-dom@https://registry.npmjs.org/react-dom/-/react-dom-19.2.8.tgz 0ms (cache hit)
npm http cache react@https://registry.npmjs.org/react/-/react-19.2.8.tgz 0ms (cache hit)
npm http cache eslint-config-next@https://registry.npmjs.org/eslint-config-next/-/eslint-config-next-16.2.11.tgz 0ms (cache hit)
npm http cache tailwindcss@https://registry.npmjs.org/tailwindcss/-/tailwindcss-4.3.3.tgz 0ms (cache hit)
npm http cache typescript@https://registry.npmjs.org/typescript/-/typescript-5.9.3.tgz 0ms (cache hit)
npm http cache @types/react-dom@https://registry.npmjs.org/@types/react-dom/-/react-dom-19.2.3.tgz 0ms (cache hit)
npm http cache eslint@https://registry.npmjs.org/eslint/-/eslint-10.8.0.tgz 0ms (cache hit)
npm http cache @types/react@https://registry.npmjs.org/@types/react/-/react-19.2.17.tgz 0ms (cache hit)
npm http cache next@https://registry.npmjs.org/next/-/next-16.2.11.tgz 0ms (cache hit)
npm http cache semver@https://registry.npmjs.org/semver/-/semver-7.8.5.tgz 0ms (cache hit)
npm http cache @tailwindcss/postcss@https://registry.npmjs.org/@tailwindcss/postcss/-/postcss-4.3.3.tgz 0ms (cache hit)
npm http cache @types/node@https://registry.npmjs.org/@types/node/-/node-26.1.2.tgz 0ms (cache hit)
npm http cache ignore@https://registry.npmjs.org/ignore/-/ignore-7.0.6.tgz 0ms (cache hit)
npm http cache semver@https://registry.npmjs.org/semver/-/semver-7.8.5.tgz 0ms (cache hit)
npm http cache @emnapi/runtime@https://registry.npmjs.org/@emnapi/runtime/-/runtime-1.10.0.tgz 0ms (cache hit)
npm http cache json5@https://registry.npmjs.org/json5/-/json5-1.0.2.tgz 0ms (cache hit)
npm http cache debug@https://registry.npmjs.org/debug/-/debug-3.2.7.tgz 0ms (cache hit)
npm http cache picomatch@https://registry.npmjs.org/picomatch/-/picomatch-4.0.5.tgz 0ms (cache hit)
npm http cache glob-parent@https://registry.npmjs.org/glob-parent/-/glob-parent-5.1.2.tgz 0ms (cache hit)
npm http cache balanced-match@https://registry.npmjs.org/balanced-match/-/balanced-match-1.0.2.tgz 0ms (cache hit)
npm http cache semver@https://registry.npmjs.org/semver/-/semver-7.8.5.tgz 0ms (cache hit)
npm http cache balanced-match@https://registry.npmjs.org/balanced-match/-/balanced-match-1.0.2.tgz 0ms (cache hit)
npm http cache brace-expansion@https://registry.npmjs.org/brace-expansion/-/brace-expansion-1.1.18.tgz 1ms (cache hit)
npm http cache minimatch@https://registry.npmjs.org/minimatch/-/minimatch-3.1.5.tgz 0ms (cache hit)
npm http cache brace-expansion@https://registry.npmjs.org/brace-expansion/-/brace-expansion-1.1.18.tgz 0ms (cache hit)
npm http cache balanced-match@https://registry.npmjs.org/balanced-match/-/balanced-match-1.0.2.tgz 0ms (cache hit)
npm http cache minimatch@https://registry.npmjs.org/minimatch/-/minimatch-3.1.5.tgz 0ms (cache hit)
npm http cache brace-expansion@https://registry.npmjs.org/brace-expansion/-/brace-expansion-1.1.18.tgz 0ms (cache hit)
npm http cache debug@https://registry.npmjs.org/debug/-/debug-3.2.7.tgz 0ms (cache hit)
npm http cache minimatch@https://registry.npmjs.org/minimatch/-/minimatch-3.1.5.tgz 0ms (cache hit)
npm http cache debug@https://registry.npmjs.org/debug/-/debug-3.2.7.tgz 0ms (cache hit)
npm http cache postcss@https://registry.npmjs.org/postcss/-/postcss-8.4.31.tgz 0ms (cache hit)
npm http cache eslint-visitor-keys@https://registry.npmjs.org/eslint-visitor-keys/-/eslint-visitor-keys-3.4.3.tgz 0ms (cache hit)
npm info run sharp@0.34.5 install node_modules/sharp node install/check.js || npm run build
npm info run sharp@0.34.5 install { code: 0, signal: null }
npm info run unrs-resolver@1.12.2 postinstall node_modules/unrs-resolver node postinstall.js
npm info run unrs-resolver@1.12.2 postinstall { code: 0, signal: null }

added 349 packages, and changed 1 package in 2m
npm verbose cwd C:\Users\DELL\Downloads\red-salamader
npm verbose os Windows_NT 10.0.26200
npm verbose node v20.20.2
npm verbose npm  v10.9.9
npm verbose exit 0
npm info ok
